// Jest Snapshot v1, https://goo.gl/fbAQLP

exports[`Page renders correctly 1`] = `
<div
  className="page"
>
  <h1
    className="page-title"
  >
    About
  </h1>
  <p>
    Hello World
  </p>
</div>
`;
