// Jest Snapshot v1, https://goo.gl/fbAQLP

exports[`PostTemplate renders correctly 1`] = `
Array [
  <div
    className="sidebar"
  >
    <div
      className="container sidebar-sticky"
    >
      <div
        className="sidebar-about"
      >
        <h1>
          <a
            href="/"
          >
            <span
              aria-label="emoji"
              role="img"
            >
              üë®üèª‚Äçüíª
               
            </span>
            <span>
              &lt;/
            </span>
            Di√≥genes Dauster
            <span>
              &gt;
            </span>
          </a>
        </h1>
        <p
          className="lead"
        >
          Code Has No Accent
        </p>
      </div>
      <nav
        className="sidebar-nav"
      >
        <Link
          className="sidebar-nav-item"
          to="/"
        >
          Home
        </Link>
        <Link
          className="sidebar-nav-item"
          to="about"
        >
          About
        </Link>
        <Link
          className="sidebar-nav-item"
          to="archive"
        >
          Archive
        </Link>
        <Link
          className="sidebar-nav-item"
          to="projects"
        >
          Projects
        </Link>
      </nav>
      <p>
        ¬© 
        2018
        . All rights reserved.
      </p>
    </div>
  </div>,
  <div
    className="content container"
  >
    <div
      className="post"
    >
      <h1
        className="post-title"
      >
        Example content
      </h1>
      <span
        className="post-date"
      />
      <div
        dangerouslySetInnerHTML={
          Object {
            "__html": "<div class=\\"message\\">
  Howdy! This is an example blog post that shows several types of HTML content supported in this theme.
</div>
<p>Cum sociis natoque penatibus et magnis <a href=\\"#\\">dis parturient montes</a>, nascetur ridiculus mus. <em>Aenean eu leo quam.</em> Pellentesque ornare sem lacinia quam venenatis vestibulum. Sed posuere consectetur est at lobortis. Cras mattis consectetur purus sit amet fermentum.</p>
<blockquote>
<p>Curabitur blandit tempus porttitor. Nullam quis risus eget urna mollis ornare vel eu leo. Nullam id dolor id nibh ultricies vehicula ut id elit.</p>
</blockquote>
<p>Etiam porta <strong>sem malesuada magna</strong> mollis euismod. Cras mattis consectetur purus sit amet fermentum. Aenean lacinia bibendum nulla sed consectetur.</p>
<h2>Inline HTML elements</h2>
<p>HTML defines a long list of available inline tags, a complete list of which can be found on the <a href=\\"https://developer.mozilla.org/en-US/docs/Web/HTML/Element\\">Mozilla Developer Network</a>.</p>
<ul>
<li><strong>To bold text</strong>, use <code>&#x3C;strong></code>.</li>
<li><em>To italicize text</em>, use <code>&#x3C;em></code>.</li>
<li>Abbreviations, like <abbr title=\\"HyperText Markup Langage\\">HTML</abbr> should use <code>&#x3C;abbr></code>, with an optional <code>title</code> attribute for the full phrase.</li>
<li>Citations, like <cite>‚Äî Mark otto</cite>, should use <code>&#x3C;cite></code>.</li>
<li><del>Deleted</del> text should use <code>&#x3C;del></code> and <ins>inserted</ins> text should use <code>&#x3C;ins></code>.</li>
<li>Superscript <sup>text</sup> uses <code>&#x3C;sup></code> and subscript <sub>text</sub> uses <code>&#x3C;sub></code>.</li>
</ul>
<p>Most of these elements are styled by browsers with few modifications on our part.</p>
<h2>Heading</h2>
<p>Vivamus sagittis lacus vel augue rutrum faucibus dolor auctor. Duis mollis, est non commodo luctus, nisi erat porttitor ligula, eget lacinia odio sem nec elit. Morbi leo risus, porta ac consectetur ac, vestibulum at eros.</p>
<h3>Code</h3>
<p>Cum sociis natoque penatibus et magnis dis <code>code element</code> montes, nascetur ridiculus mus.</p>
<p>{% highlight js %}
// Example can be run directly in your JavaScript console</p>
<p>// Create a function that takes two arguments and returns the sum of those arguments
var adder = new Function(\\"a\\", \\"b\\", \\"return a + b\\");</p>
<p>// Call the function
adder(2, 6);
// > 8
{% endhighlight %}</p>
<p>Aenean lacinia bibendum nulla sed consectetur. Etiam porta sem malesuada magna mollis euismod. Fusce dapibus, tellus ac cursus commodo, tortor mauris condimentum nibh, ut fermentum massa.</p>
<h3>Gists via GitHub Pages</h3>
<p>Vestibulum id ligula porta felis euismod semper. Nullam quis risus eget urna mollis ornare vel eu leo. Donec sed odio dui.</p>
<p>{% gist 5555251 gist.md %}</p>
<p>Aenean eu leo quam. Pellentesque ornare sem lacinia quam venenatis vestibulum. Nullam quis risus eget urna mollis ornare vel eu leo. Cum sociis natoque penatibus et magnis dis parturient montes, nascetur ridiculus mus. Donec sed odio dui. Vestibulum id ligula porta felis euismod semper.</p>
<h3>Lists</h3>
<p>Cum sociis natoque penatibus et magnis dis parturient montes, nascetur ridiculus mus. Aenean lacinia bibendum nulla sed consectetur. Etiam porta sem malesuada magna mollis euismod. Fusce dapibus, tellus ac cursus commodo, tortor mauris condimentum nibh, ut fermentum massa justo sit amet risus.</p>
<ul>
<li>Praesent commodo cursus magna, vel scelerisque nisl consectetur et.</li>
<li>Donec id elit non mi porta gravida at eget metus.</li>
<li>Nulla vitae elit libero, a pharetra augue.</li>
</ul>
<p>Donec ullamcorper nulla non metus auctor fringilla. Nulla vitae elit libero, a pharetra augue.</p>
<ol>
<li>Vestibulum id ligula porta felis euismod semper.</li>
<li>Cum sociis natoque penatibus et magnis dis parturient montes, nascetur ridiculus mus.</li>
<li>Maecenas sed diam eget risus varius blandit sit amet non magna.</li>
</ol>
<p>Cras mattis consectetur purus sit amet fermentum. Sed posuere consectetur est at lobortis.</p>
<dl>
  <dt>HyperText Markup Language (HTML)</dt>
  <dd>The language used to describe and define the content of a Web page</dd>
  <dt>Cascading Style Sheets (CSS)</dt>
  <dd>Used to describe the appearance of Web content</dd>
  <dt>JavaScript (JS)</dt>
  <dd>The programming language used to build advanced Web sites and applications</dd>
</dl>
<p>Integer posuere erat a ante venenatis dapibus posuere velit aliquet. Morbi leo risus, porta ac consectetur ac, vestibulum at eros. Nullam quis risus eget urna mollis ornare vel eu leo.</p>
<h3>Images</h3>
<p>Quisque consequat sapien eget quam rhoncus, sit amet laoreet diam tempus. Aliquam aliquam metus erat, a pulvinar turpis suscipit at.</p>
<p><img src=\\"https://placehold.it/800x400\\" alt=\\"placeholder\\" title=\\"Large example image\\">
<img src=\\"https://placehold.it/400x200\\" alt=\\"placeholder\\" title=\\"Medium example image\\">
<img src=\\"https://placehold.it/200x200\\" alt=\\"placeholder\\" title=\\"Small example image\\"></p>
<h3>Tables</h3>
<p>Aenean lacinia bibendum nulla sed consectetur. Lorem ipsum dolor sit amet, consectetur adipiscing elit.</p>
<table>
  <thead>
    <tr>
      <th>Name</th>
      <th>Upvotes</th>
      <th>Downvotes</th>
    </tr>
  </thead>
  <tfoot>
    <tr>
      <td>Totals</td>
      <td>21</td>
      <td>23</td>
    </tr>
  </tfoot>
  <tbody>
    <tr>
      <td>Alice</td>
      <td>10</td>
      <td>11</td>
    </tr>
    <tr>
      <td>Bob</td>
      <td>4</td>
      <td>3</td>
    </tr>
    <tr>
      <td>Charlie</td>
      <td>7</td>
      <td>9</td>
    </tr>
  </tbody>
</table>
<p>Nullam id dolor id nibh ultricies vehicula ut id elit. Sed posuere consectetur est at lobortis. Nullam quis risus eget urna mollis ornare vel eu leo.</p>
<hr>
<p>Want to see something else added? <a href=\\"https://github.com/poole/poole/issues/new\\">Open an issue.</a></p>",
          }
        }
      />
    </div>
  </div>,
]
`;
