// Jest Snapshot v1, https://goo.gl/fbAQLP

exports[`Layout renders correctly 1`] = `
Array [
  <div>
    Loading (StaticQuery)
  </div>,
  <div
    className="content container"
  >
    <p>
      Hello Wolrd
    </p>
  </div>,
]
`;
